layer at (0,0) size 800x600
  RenderView at (0,0) size 800x600
layer at (0,0) size 800x118
  RenderBlock {HTML} at (0,0) size 800x118
    RenderBody {BODY} at (8,16) size 784x94
      RenderBlock {P} at (0,0) size 784x18
        RenderText {#text} at (0,0) size 445x18
          text run at (0,0) width 445: "Pass if the green square have smaller green squares at its corners and "
        RenderInline {STRONG} at (0,0) size 18x18
          RenderText {#text} at (444,0) size 18x18
            text run at (444,0) width 18: "no"
        RenderText {#text} at (461,0) size 82x18
          text run at (461,0) width 82: " red borders."
      RenderBlock {DIV} at (0,34) size 60x60 [border: (10px solid #FF0000)]
        RenderBlock {DIV} at (10,10) size 40x40 [bgcolor=#009900]
