layer at (0,0) size 800x600
  RenderView at (0,0) size 800x600
layer at (0,0) size 800x600
  RenderBlock {HTML} at (0,0) size 800x600
    RenderBody {BODY} at (8,8) size 784x584
      RenderBlock {DIV} at (0,0) size 100x62 [color=#008000] [bgcolor=#FF0000]
        RenderInline {SPAN} at (0,0) size 69x25
          RenderText {#text} at (0,6) size 69x25
            text run at (0,6) width 69: "x\x{C}x"
        RenderInline {SPAN} at (0,0) size 50x25
          RenderText {#text} at (69,6) size 50x25
            text run at (69,6) width 50: "xx"
        RenderText {#text} at (0,0) size 0x0
        RenderText {#text} at (0,0) size 0x0
        RenderInline {SPAN} at (0,0) size 69x25
          RenderText {#text} at (0,37) size 69x25
            text run at (0,37) width 69: "x\x{B}x"
        RenderInline {SPAN} at (0,0) size 50x25
          RenderText {#text} at (69,37) size 50x25
            text run at (69,37) width 50: "xx"
        RenderText {#text} at (0,0) size 0x0
        RenderText {#text} at (0,0) size 0x0
