layer at (0,0) size 800x600
  RenderView at (0,0) size 800x600
layer at (0,0) size 800x34
  RenderBlock {HTML} at (0,0) size 800x34
    RenderBody {BODY} at (8,8) size 784x18
      RenderInline {SPAN} at (0,0) size 20x17
        RenderText {#text} at (0,0) size 20x17
          text run at (0,0) width 20: "#\x{20E3}"
      RenderText {#text} at (20,0) size 4x17
        text run at (20,0) width 4: " "
      RenderInline {SPAN} at (0,0) size 20x17
        RenderText {#text} at (24,0) size 20x17
          text run at (24,0) width 20: "0\x{20E3}"
      RenderText {#text} at (44,0) size 4x17
        text run at (44,0) width 4: " "
      RenderInline {SPAN} at (0,0) size 20x17
        RenderText {#text} at (48,0) size 20x17
          text run at (48,0) width 20: "1\x{20E3}"
      RenderText {#text} at (68,0) size 4x17
        text run at (68,0) width 4: " "
      RenderInline {SPAN} at (0,0) size 20x17
        RenderText {#text} at (72,0) size 20x17
          text run at (72,0) width 20: "2\x{20E3}"
      RenderText {#text} at (92,0) size 4x17
        text run at (92,0) width 4: " "
      RenderInline {SPAN} at (0,0) size 20x17
        RenderText {#text} at (96,0) size 20x17
          text run at (96,0) width 20: "3\x{20E3}"
      RenderText {#text} at (116,0) size 4x17
        text run at (116,0) width 4: " "
      RenderInline {SPAN} at (0,0) size 20x17
        RenderText {#text} at (120,0) size 20x17
          text run at (120,0) width 20: "4\x{20E3}"
      RenderText {#text} at (140,0) size 4x17
        text run at (140,0) width 4: " "
      RenderInline {SPAN} at (0,0) size 20x17
        RenderText {#text} at (144,0) size 20x17
          text run at (144,0) width 20: "5\x{20E3}"
      RenderText {#text} at (164,0) size 4x17
        text run at (164,0) width 4: " "
      RenderInline {SPAN} at (0,0) size 20x17
        RenderText {#text} at (168,0) size 20x17
          text run at (168,0) width 20: "6\x{20E3}"
      RenderText {#text} at (188,0) size 4x17
        text run at (188,0) width 4: " "
      RenderInline {SPAN} at (0,0) size 20x17
        RenderText {#text} at (192,0) size 20x17
          text run at (192,0) width 20: "7\x{20E3}"
      RenderText {#text} at (212,0) size 4x17
        text run at (212,0) width 4: " "
      RenderInline {SPAN} at (0,0) size 20x17
        RenderText {#text} at (216,0) size 20x17
          text run at (216,0) width 20: "8\x{20E3}"
      RenderText {#text} at (236,0) size 4x17
        text run at (236,0) width 4: " "
      RenderInline {SPAN} at (0,0) size 20x17
        RenderText {#text} at (240,0) size 20x17
          text run at (240,0) width 20: "9\x{20E3}"
      RenderText {#text} at (0,0) size 0x0
