layer at (0,0) size 800x768
  RenderView at (0,0) size 800x600
layer at (0,0) size 800x768
  RenderBlock {HTML} at (0,0) size 800x768
    RenderBody {BODY} at (8,8) size 784x752
      RenderBlock {DIV} at (0,0) size 784x94
        RenderText {#text} at (0,68) size 47x19
          text run at (0,68) width 47: "Blank: "
        RenderBlock {ATTACHMENT} at (46,0) size 341x94 [color=#007AFF]
          RenderGrid {DIV} at (1,1) size 338x92 [bgcolor=#74748014]
            RenderGrid {DIV} at (0,0) size 76x92
              RenderAttachment {ATTACHMENT} at (10,10) size 56x72
            RenderGrid {DIV} at (76,0) size 262x92
              RenderGrid {DIV} at (6,46) size 230x0
      RenderBlock {DIV} at (0,94) size 784x94
        RenderText {#text} at (0,68) size 39x19
          text run at (0,68) width 39: "Title: "
        RenderBlock {ATTACHMENT} at (38,0) size 341x94 [color=#007AFF]
          RenderGrid {DIV} at (1,1) size 338x92 [bgcolor=#74748014]
            RenderGrid {DIV} at (0,0) size 76x92
              RenderAttachment {ATTACHMENT} at (10,10) size 56x72
            RenderGrid {DIV} at (76,0) size 262x92
              RenderGrid {DIV} at (6,31) size 230x30
      RenderBlock {DIV} at (0,188) size 784x94
        RenderText {#text} at (0,68) size 83x19
          text run at (0,68) width 83: "and subtitle: "
        RenderBlock {ATTACHMENT} at (82,0) size 341x94 [color=#007AFF]
          RenderGrid {DIV} at (1,1) size 338x92 [bgcolor=#74748014]
            RenderGrid {DIV} at (0,0) size 76x92
              RenderAttachment {ATTACHMENT} at (10,10) size 56x72
            RenderGrid {DIV} at (76,0) size 262x92
              RenderGrid {DIV} at (6,31) size 230x30
      RenderBlock {DIV} at (0,282) size 784x94
        RenderText {#text} at (0,68) size 52x19
          text run at (0,68) width 52: "Action: "
        RenderBlock {ATTACHMENT} at (51,0) size 341x94 [color=#007AFF]
          RenderGrid {DIV} at (1,1) size 338x92 [bgcolor=#74748014]
            RenderGrid {DIV} at (0,0) size 76x92
              RenderAttachment {ATTACHMENT} at (10,10) size 56x72
            RenderGrid {DIV} at (76,0) size 262x92
              RenderGrid {DIV} at (6,22) size 230x48
      RenderBlock {DIV} at (0,376) size 784x94
        RenderText {#text} at (0,68) size 40x19
          text run at (0,68) width 40: "Save: "
        RenderBlock {ATTACHMENT} at (39,0) size 341x94 [color=#007AFF]
          RenderGrid {DIV} at (1,1) size 338x92 [bgcolor=#74748014]
            RenderGrid {DIV} at (0,0) size 76x92
              RenderAttachment {ATTACHMENT} at (10,10) size 56x72
            RenderGrid {DIV} at (76,0) size 262x92
              RenderGrid {DIV} at (6,26) size 230x40
                RenderBlock {DIV} at (190,0) size 40x40
                  RenderButton {BUTTON} at (0,0) size 40x40 [bgcolor=#7676801F]
                    RenderBlock (anonymous) at (11,0) size 18x40
      RenderBlock {DIV} at (0,470) size 784x94
        RenderText {#text} at (0,60) size 97x19
          text run at (0,60) width 97: "Zero progress: "
        RenderBlock {ATTACHMENT} at (96,0) size 341x94 [color=#007AFF]
          RenderGrid {DIV} at (1,1) size 338x92 [bgcolor=#74748014]
            RenderGrid {DIV} at (0,0) size 76x92
              RenderBlock {DIV} at (10,18) size 56x56
            RenderGrid {DIV} at (76,0) size 262x92
              RenderGrid {DIV} at (6,37) size 230x18
      RenderBlock {DIV} at (0,564) size 784x94
        RenderText {#text} at (0,60) size 96x19
          text run at (0,60) width 96: "75% progress: "
        RenderBlock {ATTACHMENT} at (95,0) size 341x94 [color=#007AFF]
          RenderGrid {DIV} at (1,1) size 338x92 [bgcolor=#74748014]
            RenderGrid {DIV} at (0,0) size 76x92
              RenderBlock {DIV} at (10,18) size 56x56 [color=#3C3C4399]
                RenderBlock {DIV} at (0,0) size 56x56 [border: (4px solid #3C3C4399)]
            RenderGrid {DIV} at (76,0) size 262x92
              RenderGrid {DIV} at (6,37) size 230x18
      RenderBlock {DIV} at (0,658) size 784x94
        RenderText {#text} at (0,60) size 104x19
          text run at (0,60) width 104: "100% progress: "
        RenderBlock {ATTACHMENT} at (103,0) size 341x94 [color=#007AFF]
          RenderGrid {DIV} at (1,1) size 338x92 [bgcolor=#74748014]
            RenderGrid {DIV} at (0,0) size 76x92
              RenderBlock {DIV} at (10,18) size 56x56 [color=#3C3C4399]
                RenderBlock {DIV} at (0,0) size 56x56 [border: (4px solid #3C3C4399)]
            RenderGrid {DIV} at (76,0) size 262x92
              RenderGrid {DIV} at (6,37) size 230x18
layer at (129,134) size 230x17
  RenderDeprecatedFlexibleBox {DIV} at (0,0) size 230x17 [color=#000000]
    RenderBlock (anonymous) at (0,0) size 230x17
      RenderText {#text} at (0,0) size 29x17
        text run at (0,0) width 29: "Title"
layer at (129,151) size 230x13
  RenderDeprecatedFlexibleBox {DIV} at (0,17) size 230x13 [color=#3C3C4399]
    RenderBlock (anonymous) at (0,0) size 230x13
      RenderText {#text} at (0,0) size 38x13
        text run at (0,0) width 38: "Subtitle"
layer at (174,228) size 230x17
  RenderDeprecatedFlexibleBox {DIV} at (0,0) size 230x17 [color=#000000]
    RenderBlock (anonymous) at (0,0) size 230x17
      RenderText {#text} at (0,0) size 29x17
        text run at (0,0) width 29: "Title"
layer at (174,245) size 230x13
  RenderDeprecatedFlexibleBox {DIV} at (0,17) size 230x13 [color=#3C3C4399]
    RenderBlock (anonymous) at (0,0) size 230x13
      RenderText {#text} at (0,0) size 38x13
        text run at (0,0) width 38: "Subtitle"
layer at (143,314) size 230x17
  RenderDeprecatedFlexibleBox {DIV} at (0,0) size 230x17 [color=#3C3C4399]
    RenderBlock (anonymous) at (0,0) size 230x17
      RenderText {#text} at (0,0) size 106x17
        text run at (0,0) width 106: "Tap to download"
layer at (143,331) size 230x17
  RenderDeprecatedFlexibleBox {DIV} at (0,17) size 230x17 [color=#000000]
    RenderBlock (anonymous) at (0,0) size 230x17
      RenderText {#text} at (0,0) size 52x17
        text run at (0,0) width 52: "\x{200E}\x{2068}Title\x{2069}\x{200B}.txt"
layer at (143,348) size 230x13
  RenderDeprecatedFlexibleBox {DIV} at (0,34) size 230x13 [color=#3C3C4399]
    RenderBlock (anonymous) at (0,0) size 230x13
      RenderText {#text} at (0,0) size 38x13
        text run at (0,0) width 38: "Subtitle"
layer at (131,411) size 118x8 backgroundClip at (131,411) size 117x8 clip at (131,411) size 117x8
  RenderDeprecatedFlexibleBox {DIV} at (0,0) size 118x8 [color=#3C3C4399]
layer at (131,419) size 118x24 backgroundClip at (131,419) size 117x24 clip at (131,419) size 117x24
  RenderDeprecatedFlexibleBox {DIV} at (0,7) size 118x26 [color=#000000]
    RenderBlock (anonymous) at (0,0) size 118x17
      RenderText {#text} at (0,0) size 56x17
        text run at (0,0) width 56: "\x{200E}\x{2068}Title\x{2069}\x{200B}.pdf"
layer at (131,443) size 118x8 backgroundClip at (131,443) size 117x8 clip at (131,443) size 117x8
  RenderDeprecatedFlexibleBox {DIV} at (0,32) size 118x8 [color=#3C3C4399]
layer at (188,517) size 230x17
  RenderDeprecatedFlexibleBox {DIV} at (0,0) size 230x17 [color=#000000]
    RenderBlock (anonymous) at (0,0) size 230x17
      RenderText {#text} at (0,0) size 56x17
        text run at (0,0) width 56: "\x{200E}\x{2068}Title\x{2069}\x{200B}.pdf"
layer at (187,611) size 230x17
  RenderDeprecatedFlexibleBox {DIV} at (0,0) size 230x17 [color=#000000]
    RenderBlock (anonymous) at (0,0) size 230x17
      RenderText {#text} at (0,0) size 56x17
        text run at (0,0) width 56: "\x{200E}\x{2068}Title\x{2069}\x{200B}.pdf"
layer at (195,705) size 230x17
  RenderDeprecatedFlexibleBox {DIV} at (0,0) size 230x17 [color=#000000]
    RenderBlock (anonymous) at (0,0) size 230x17
      RenderText {#text} at (0,0) size 56x17
        text run at (0,0) width 56: "\x{200E}\x{2068}Title\x{2069}\x{200B}.pdf"
layer at (332,411) size 18x40
  RenderBlock {DIV} at (0,0) size 18x40 [bgcolor=#007AFF]
