layer at (0,0) size 800x600
  RenderView at (0,0) size 800x600
layer at (0,0) size 800x600
  RenderBlock {HTML} at (0,0) size 800x600
    RenderBody {BODY} at (8,8) size 784x584
      RenderTable {TABLE} at (0,0) size 784x370 [border: (5px outset #808080)]
        RenderTableSection {TBODY} at (5,5) size 774x360
          RenderTableRow {TR} at (0,2) size 774x356
            RenderTableCell {TD} at (2,178) size 716x4 [border: (1px inset #808080)] [r=0 c=0 rs=1 cs=1]
            RenderTableCell {TD} at (720,2) size 52x356 [border: (1px inset #808080)] [r=0 c=1 rs=1 cs=1]
              RenderInline {A} at (0,0) size 32x18 [color=#0000EE]
                RenderText {#text} at (2,5) size 32x18
                  text run at (2,5) width 32: "\x{5CA1}\x{5C71}"
              RenderText {#text} at (34,5) size 16x18
                text run at (34,5) width 16: "\x{FF5C}"
              RenderInline {A} at (0,0) size 32x18 [color=#0000EE]
                RenderText {#text} at (2,27) size 32x18
                  text run at (2,27) width 32: "\x{5E83}\x{5CF6}"
              RenderText {#text} at (34,27) size 16x18
                text run at (34,27) width 16: "\x{FF5C}"
              RenderInline {A} at (0,0) size 32x18 [color=#0000EE]
                RenderText {#text} at (2,49) size 32x18
                  text run at (2,49) width 32: "\x{5C71}\x{53E3}"
              RenderText {#text} at (34,49) size 16x18
                text run at (34,49) width 16: "\x{FF5C}"
              RenderInline {A} at (0,0) size 32x18 [color=#0000EE]
                RenderText {#text} at (2,71) size 32x18
                  text run at (2,71) width 32: "\x{5FB3}\x{5CF6}"
              RenderText {#text} at (34,71) size 16x18
                text run at (34,71) width 16: "\x{FF5C}"
              RenderInline {A} at (0,0) size 32x18 [color=#0000EE]
                RenderText {#text} at (2,93) size 32x18
                  text run at (2,93) width 32: "\x{9999}\x{5DDD}"
              RenderText {#text} at (34,93) size 16x18
                text run at (34,93) width 16: "\x{FF5C}"
              RenderInline {A} at (0,0) size 32x18 [color=#0000EE]
                RenderText {#text} at (2,115) size 32x18
                  text run at (2,115) width 32: "\x{611B}\x{5A9B}"
              RenderText {#text} at (34,115) size 16x18
                text run at (34,115) width 16: "\x{FF5C}"
              RenderInline {A} at (0,0) size 32x18 [color=#0000EE]
                RenderText {#text} at (2,137) size 32x18
                  text run at (2,137) width 32: "\x{9AD8}\x{77E5}"
              RenderText {#text} at (34,137) size 16x18
                text run at (34,137) width 16: "\x{FF5C}"
              RenderInline {A} at (0,0) size 48x40 [color=#0000EE]
                RenderText {#text} at (2,159) size 48x40
                  text run at (2,159) width 48: "\x{798F}\x{5CA1}\x{30FB}"
                  text run at (2,181) width 48: "\x{5317}\x{4E5D}\x{5DDE}"
              RenderText {#text} at (2,203) size 16x18
                text run at (2,203) width 16: "\x{FF5C}"
              RenderInline {A} at (0,0) size 32x18 [color=#0000EE]
                RenderText {#text} at (18,203) size 32x18
                  text run at (18,203) width 32: "\x{4F50}\x{8CC0}"
              RenderText {#text} at (2,225) size 16x18
                text run at (2,225) width 16: "\x{FF5C}"
              RenderInline {A} at (0,0) size 32x18 [color=#0000EE]
                RenderText {#text} at (18,225) size 32x18
                  text run at (18,225) width 32: "\x{9577}\x{5D0E}"
              RenderText {#text} at (2,247) size 16x18
                text run at (2,247) width 16: "\x{FF5C}"
              RenderInline {A} at (0,0) size 32x18 [color=#0000EE]
                RenderText {#text} at (18,247) size 32x18
                  text run at (18,247) width 32: "\x{718A}\x{672C}"
              RenderText {#text} at (2,269) size 16x18
                text run at (2,269) width 16: "\x{FF5C}"
              RenderInline {A} at (0,0) size 32x18 [color=#0000EE]
                RenderText {#text} at (18,269) size 32x18
                  text run at (18,269) width 32: "\x{5927}\x{5206}"
              RenderText {#text} at (2,291) size 16x18
                text run at (2,291) width 16: "\x{FF5C}"
              RenderInline {A} at (0,0) size 32x18 [color=#0000EE]
                RenderText {#text} at (18,291) size 32x18
                  text run at (18,291) width 32: "\x{5BAE}\x{5D0E}"
              RenderText {#text} at (2,313) size 16x18
                text run at (2,313) width 16: "\x{FF5C}"
              RenderInline {A} at (0,0) size 48x40 [color=#0000EE]
                RenderText {#text} at (18,313) size 48x40
                  text run at (18,313) width 32: "\x{9E7F}\x{5150}"
                  text run at (2,335) width 16: "\x{5CF6}"
              RenderText {#text} at (18,335) size 16x18
                text run at (18,335) width 16: "\x{FF5C}"
